Archive member included to satisfy reference by file (symbol)

c:/st/stm32cubeide_1.7.0/stm32cubeide/plugins/com.st.stm32cube.ide.mcu.externaltools.gnu-tools-for-stm32.9-2020-q2-update.win32_2.0.0.202105311346/tools/bin/../lib/gcc/arm-none-eabi/9.3.1/../../../../arm-none-eabi/lib/thumb/v7-m/nofp\libc_nano.a(lib_a-errno.o)
                              ./Core/Src/syscalls.o (__errno)
c:/st/stm32cubeide_1.7.0/stm32cubeide/plugins/com.st.stm32cube.ide.mcu.externaltools.gnu-tools-for-stm32.9-2020-q2-update.win32_2.0.0.202105311346/tools/bin/../lib/gcc/arm-none-eabi/9.3.1/../../../../arm-none-eabi/lib/thumb/v7-m/nofp\libc_nano.a(lib_a-exit.o)
                              c:/st/stm32cubeide_1.7.0/stm32cubeide/plugins/com.st.stm32cube.ide.mcu.externaltools.gnu-tools-for-stm32.9-2020-q2-update.win32_2.0.0.202105311346/tools/bin/../lib/gcc/arm-none-eabi/9.3.1/../../../../arm-none-eabi/lib/thumb/v7-m/nofp/crt0.o (exit)
c:/st/stm32cubeide_1.7.0/stm32cubeide/plugins/com.st.stm32cube.ide.mcu.externaltools.gnu-tools-for-stm32.9-2020-q2-update.win32_2.0.0.202105311346/tools/bin/../lib/gcc/arm-none-eabi/9.3.1/../../../../arm-none-eabi/lib/thumb/v7-m/nofp\libc_nano.a(lib_a-impure.o)
                              c:/st/stm32cubeide_1.7.0/stm32cubeide/plugins/com.st.stm32cube.ide.mcu.externaltools.gnu-tools-for-stm32.9-2020-q2-update.win32_2.0.0.202105311346/tools/bin/../lib/gcc/arm-none-eabi/9.3.1/../../../../arm-none-eabi/lib/thumb/v7-m/nofp\libc_nano.a(lib_a-exit.o) (_global_impure_ptr)
c:/st/stm32cubeide_1.7.0/stm32cubeide/plugins/com.st.stm32cube.ide.mcu.externaltools.gnu-tools-for-stm32.9-2020-q2-update.win32_2.0.0.202105311346/tools/bin/../lib/gcc/arm-none-eabi/9.3.1/../../../../arm-none-eabi/lib/thumb/v7-m/nofp\libc_nano.a(lib_a-init.o)
                              c:/st/stm32cubeide_1.7.0/stm32cubeide/plugins/com.st.stm32cube.ide.mcu.externaltools.gnu-tools-for-stm32.9-2020-q2-update.win32_2.0.0.202105311346/tools/bin/../lib/gcc/arm-none-eabi/9.3.1/../../../../arm-none-eabi/lib/thumb/v7-m/nofp/crt0.o (__libc_init_array)
c:/st/stm32cubeide_1.7.0/stm32cubeide/plugins/com.st.stm32cube.ide.mcu.externaltools.gnu-tools-for-stm32.9-2020-q2-update.win32_2.0.0.202105311346/tools/bin/../lib/gcc/arm-none-eabi/9.3.1/../../../../arm-none-eabi/lib/thumb/v7-m/nofp\libc_nano.a(lib_a-memset.o)
                              c:/st/stm32cubeide_1.7.0/stm32cubeide/plugins/com.st.stm32cube.ide.mcu.externaltools.gnu-tools-for-stm32.9-2020-q2-update.win32_2.0.0.202105311346/tools/bin/../lib/gcc/arm-none-eabi/9.3.1/../../../../arm-none-eabi/lib/thumb/v7-m/nofp/crt0.o (memset)

Allocating common symbols
Common symbol       size              file

SCH_tasks_G         0x320             ./Core/Src/scheduler.o
uwTick              0x4               ./Drivers/STM32F1xx_HAL_Driver/Src/stm32f1xx_hal.o
pFlash              0x20              ./Drivers/STM32F1xx_HAL_Driver/Src/stm32f1xx_hal_flash.o
htim2               0x48              ./Core/Src/main.o

Discarded input sections

 .text          0x0000000000000000        0x0 c:/st/stm32cubeide_1.7.0/stm32cubeide/plugins/com.st.stm32cube.ide.mcu.externaltools.gnu-tools-for-stm32.9-2020-q2-update.win32_2.0.0.202105311346/tools/bin/../lib/gcc/arm-none-eabi/9.3.1/thumb/v7-m/nofp/crti.o
 .data          0x0000000000000000        0x0 c:/st/stm32cubeide_1.7.0/stm32cubeide/plugins/com.st.stm32cube.ide.mcu.externaltools.gnu-tools-for-stm32.9-2020-q2-update.win32_2.0.0.202105311346/tools/bin/../lib/gcc/arm-none-eabi/9.3.1/thumb/v7-m/nofp/crti.o
 .bss           0x0000000000000000        0x0 c:/st/stm32cubeide_1.7.0/stm32cubeide/plugins/com.st.stm32cube.ide.mcu.externaltools.gnu-tools-for-stm32.9-2020-q2-update.win32_2.0.0.202105311346/tools/bin/../lib/gcc/arm-none-eabi/9.3.1/thumb/v7-m/nofp/crti.o
 .data          0x0000000000000000        0x4 c:/st/stm32cubeide_1.7.0/stm32cubeide/plugins/com.st.stm32cube.ide.mcu.externaltools.gnu-tools-for-stm32.9-2020-q2-update.win32_2.0.0.202105311346/tools/bin/../lib/gcc/arm-none-eabi/9.3.1/thumb/v7-m/nofp/crtbegin.o
 .text          0x0000000000000000       0x7c c:/st/stm32cubeide_1.7.0/stm32cubeide/plugins/com.st.stm32cube.ide.mcu.externaltools.gnu-tools-for-stm32.9-2020-q2-update.win32_2.0.0.202105311346/tools/bin/../lib/gcc/arm-none-eabi/9.3.1/../../../../arm-none-eabi/lib/thumb/v7-m/nofp/crt0.o
 .data          0x0000000000000000        0x0 c:/st/stm32cubeide_1.7.0/stm32cubeide/plugins/com.st.stm32cube.ide.mcu.externaltools.gnu-tools-for-stm32.9-2020-q2-update.win32_2.0.0.202105311346/tools/bin/../lib/gcc/arm-none-eabi/9.3.1/../../../../arm-none-eabi/lib/thumb/v7-m/nofp/crt0.o
 .bss           0x0000000000000000        0x0 c:/st/stm32cubeide_1.7.0/stm32cubeide/plugins/com.st.stm32cube.ide.mcu.externaltools.gnu-tools-for-stm32.9-2020-q2-update.win32_2.0.0.202105311346/tools/bin/../lib/gcc/arm-none-eabi/9.3.1/../../../../arm-none-eabi/lib/thumb/v7-m/nofp/crt0.o
[...]
Memory Configuration

Name             Origin             Length             Attributes
RAM              0x0000000020000000 0x0000000000002800 xrw
FLASH            0x0000000008000000 0x0000000000008000 xr
*default*        0x0000000000000000 0xffffffffffffffff

Linker script and memory map

LOAD c:/st/stm32cubeide_1.7.0/stm32cubeide/plugins/com.st.stm32cube.ide.mcu.externaltools.gnu-tools-for-stm32.9-2020-q2-update.win32_2.0.0.202105311346/tools/bin/../lib/gcc/arm-none-eabi/9.3.1/thumb/v7-m/nofp/crti.o
LOAD c:/st/stm32cubeide_1.7.0/stm32cubeide/plugins/com.st.stm32cube.ide.mcu.externaltools.gnu-tools-for-stm32.9-2020-q2-update.win32_2.0.0.202105311346/tools/bin/../lib/gcc/arm-none-eabi/9.3.1/thumb/v7-m/nofp/crtbegin.o
LOAD c:/st/stm32cubeide_1.7.0/stm32cubeide/plugins/com.st.stm32cube.ide.mcu.externaltools.gnu-tools-for-stm32.9-2020-q2-update.win32_2.0.0.202105311346/tools/bin/../lib/gcc/arm-none-eabi/9.3.1/../../../../arm-none-eabi/lib/thumb/v7-m/nofp/crt0.o
LOAD ./Core/Src/7SEG.o
LOAD ./Core/Src/button.o
LOAD ./Core/Src/fsm_auto.o
LOAD ./Core/Src/fsm_manual.o
LOAD ./Core/Src/main.o
LOAD ./Core/Src/scheduler.o
LOAD ./Core/Src/software_timer.o
LOAD ./Core/Src/stm32f1xx_hal_msp.o
LOAD ./Core/Src/stm32f1xx_it.o
LOAD ./Core/Src/syscalls.o
LOAD ./Core/Src/sysmem.o
LOAD ./Core/Src/system_stm32f1xx.o
LOAD ./Core/Startup/startup_stm32f103c6ux.o
LOAD ./Drivers/STM32F1xx_HAL_Driver/Src/stm32f1xx_hal.o
LOAD ./Drivers/STM32F1xx_HAL_Driver/Src/stm32f1xx_hal_cortex.o
LOAD ./Drivers/STM32F1xx_HAL_Driver/Src/stm32f1xx_hal_dma.o
LOAD ./Drivers/STM32F1xx_HAL_Driver/Src/stm32f1xx_hal_exti.o
LOAD ./Drivers/STM32F1xx_HAL_Driver/Src/stm32f1xx_hal_flash.o
LOAD ./Drivers/STM32F1xx_HAL_Driver/Src/stm32f1xx_hal_flash_ex.o
LOAD ./Drivers/STM32F1xx_HAL_Driver/Src/stm32f1xx_hal_gpio.o
LOAD ./Drivers/STM32F1xx_HAL_Driver/Src/stm32f1xx_hal_gpio_ex.o
LOAD ./Drivers/STM32F1xx_HAL_Driver/Src/stm32f1xx_hal_pwr.o
LOAD ./Drivers/STM32F1xx_HAL_Driver/Src/stm32f1xx_hal_rcc.o
LOAD ./Drivers/STM32F1xx_HAL_Driver/Src/stm32f1xx_hal_rcc_ex.o
LOAD ./Drivers/STM32F1xx_HAL_Driver/Src/stm32f1xx_hal_tim.o
LOAD ./Drivers/STM32F1xx_HAL_Driver/Src/stm32f1xx_hal_tim_ex.o
START GROUP
LOAD c:/st/stm32cubeide_1.7.0/stm32cubeide/plugins/com.st.stm32cube.ide.mcu.externaltools.gnu-tools-for-stm32.9-2020-q2-update.win32_2.0.0.202105311346/tools/bin/../lib/gcc/arm-none-eabi/9.3.1/../../../../arm-none-eabi/lib/thumb/v7-m/nofp\libstdc++_nano.a
LOAD c:/st/stm32cubeide_1.7.0/stm32cubeide/plugins/com.st.stm32cube.ide.mcu.externaltools.gnu-tools-for-stm32.9-2020-q2-update.win32_2.0.0.202105311346/tools/bin/../lib/gcc/arm-none-eabi/9.3.1/../../../../arm-none-eabi/lib/thumb/v7-m/nofp\libsupc++_nano.a
END GROUP
LOAD c:/st/stm32cubeide_1.7.0/stm32cubeide/plugins/com.st.stm32cube.ide.mcu.externaltools.gnu-tools-for-stm32.9-2020-q2-update.win32_2.0.0.202105311346/tools/bin/../lib/gcc/arm-none-eabi/9.3.1/../../../../arm-none-eabi/lib/thumb/v7-m/nofp\libstdc++_nano.a
LOAD c:/st/stm32cubeide_1.7.0/stm32cubeide/plugins/com.st.stm32cube.ide.mcu.externaltools.gnu-tools-for-stm32.9-2020-q2-update.win32_2.0.0.202105311346/tools/bin/../lib/gcc/arm-none-eabi/9.3.1/../../../../arm-none-eabi/lib/thumb/v7-m/nofp\libm.a
LOAD c:/st/stm32cubeide_1.7.0/stm32cubeide/plugins/com.st.stm32cube.ide.mcu.externaltools.gnu-tools-for-stm32.9-2020-q2-update.win32_2.0.0.202105311346/tools/bin/../lib/gcc/arm-none-eabi/9.3.1/../../../../arm-none-eabi/lib/thumb/v7-m/nofp\libc_nano.a
START GROUP
LOAD c:/st/stm32cubeide_1.7.0/stm32cubeide/plugins/com.st.stm32cube.ide.mcu.externaltools.gnu-tools-for-stm32.9-2020-q2-update.win32_2.0.0.202105311346/tools/bin/../lib/gcc/arm-none-eabi/9.3.1/thumb/v7-m/nofp\libgcc.a
LOAD c:/st/stm32cubeide_1.7.0/stm32cubeide/plugins/com.st.stm32cube.ide.mcu.externaltools.gnu-tools-for-stm32.9-2020-q2-update.win32_2.0.0.202105311346/tools/bin/../lib/gcc/arm-none-eabi/9.3.1/../../../../arm-none-eabi/lib/thumb/v7-m/nofp\libc_nano.a
END GROUP
START GROUP
LOAD c:/st/stm32cubeide_1.7.0/stm32cubeide/plugins/com.st.stm32cube.ide.mcu.externaltools.gnu-tools-for-stm32.9-2020-q2-update.win32_2.0.0.202105311346/tools/bin/../lib/gcc/arm-none-eabi/9.3.1/thumb/v7-m/nofp\libgcc.a
LOAD c:/st/stm32cubeide_1.7.0/stm32cubeide/plugins/com.st.stm32cube.ide.mcu.externaltools.gnu-tools-for-stm32.9-2020-q2-update.win32_2.0.0.202105311346/tools/bin/../lib/gcc/arm-none-eabi/9.3.1/../../../../arm-none-eabi/lib/thumb/v7-m/nofp\libc_nano.a
LOAD c:/st/stm32cubeide_1.7.0/stm32cubeide/plugins/com.st.stm32cube.ide.mcu.externaltools.gnu-tools-for-stm32.9-2020-q2-update.win32_2.0.0.202105311346/tools/bin/../lib/gcc/arm-none-eabi/9.3.1/../../../../arm-none-eabi/lib/thumb/v7-m/nofp\libnosys.a
END GROUP
START GROUP
LOAD c:/st/stm32cubeide_1.7.0/stm32cubeide/plugins/com.st.stm32cube.ide.mcu.externaltools.gnu-tools-for-stm32.9-2020-q2-update.win32_2.0.0.202105311346/tools/bin/../lib/gcc/arm-none-eabi/9.3.1/thumb/v7-m/nofp\libgcc.a
LOAD c:/st/stm32cubeide_1.7.0/stm32cubeide/plugins/com.st.stm32cube.ide.mcu.externaltools.gnu-tools-for-stm32.9-2020-q2-update.win32_2.0.0.202105311346/tools/bin/../lib/gcc/arm-none-eabi/9.3.1/../../../../arm-none-eabi/lib/thumb/v7-m/nofp\libc_nano.a
LOAD c:/st/stm32cubeide_1.7.0/stm32cubeide/plugins/com.st.stm32cube.ide.mcu.externaltools.gnu-tools-for-stm32.9-2020-q2-update.win32_2.0.0.202105311346/tools/bin/../lib/gcc/arm-none-eabi/9.3.1/../../../../arm-none-eabi/lib/thumb/v7-m/nofp\libnosys.a
END GROUP
LOAD c:/st/stm32cubeide_1.7.0/stm32cubeide/plugins/com.st.stm32cube.ide.mcu.externaltools.gnu-tools-for-stm32.9-2020-q2-update.win32_2.0.0.202105311346/tools/bin/../lib/gcc/arm-none-eabi/9.3.1/thumb/v7-m/nofp/crtend.o
LOAD c:/st/stm32cubeide_1.7.0/stm32cubeide/plugins/com.st.stm32cube.ide.mcu.externaltools.gnu-tools-for-stm32.9-2020-q2-update.win32_2.0.0.202105311346/tools/bin/../lib/gcc/arm-none-eabi/9.3.1/thumb/v7-m/nofp/crtn.o
                0x0000000020002800                _estack = (ORIGIN (RAM) + LENGTH (RAM))
                0x0000000000000200                _Min_Heap_Size = 0x200
                0x0000000000000400                _Min_Stack_Size = 0x400

.isr_vector     0x0000000008000000      0x10c
                0x0000000008000000                . = ALIGN (0x4)
 *(.isr_vector)
 .isr_vector    0x0000000008000000      0x10c ./Core/Startup/startup_stm32f103c6ux.o
                0x0000000008000000                g_pfnVectors
                0x000000000800010c                . = ALIGN (0x4)

.text           0x000000000800010c     0x37b4
                0x000000000800010c                . = ALIGN (0x4)
 *(.text)
 .text          0x000000000800010c       0x40 c:/st/stm32cubeide_1.7.0/stm32cubeide/plugins/com.st.stm32cube.ide.mcu.externaltools.gnu-tools-for-stm32.9-2020-q2-update.win32_2.0.0.202105311346/tools/bin/../lib/gcc/arm-none-eabi/9.3.1/thumb/v7-m/nofp/crtbegin.o
 *(.text*)
 .text.display7SEGFinal
                0x000000000800014c       0x10 ./Core/Src/7SEG.o
                0x000000000800014c                display7SEGFinal
 .text.display7SEGvertical
                0x000000000800015c      0x380 ./Core/Src/7SEG.o
                0x000000000800015c                display7SEGvertical
 .text.display7SEGhorizontal
                0x00000000080004dc      0x380 ./Core/Src/7SEG.o
                0x00000000080004dc                display7SEGhorizontal
 .text.display7SEGBuffervertical
                0x000000000800085c       0x70 ./Core/Src/7SEG.o
                0x000000000800085c                display7SEGBuffervertical
 .text.display7SEGBufferhorizontal
                0x00000000080008cc       0x70 ./Core/Src/7SEG.o
                0x00000000080008cc                display7SEGBufferhorizontal
 .text.display7SEGFinalvertical
                0x000000000800093c      0x118 ./Core/Src/7SEG.o
                0x000000000800093c                display7SEGFinalvertical
 .text.display7SEGFinalhorizontal
                0x0000000008000a54      0x1fc ./Core/Src/7SEG.o
                0x0000000008000a54                display7SEGFinalhorizontal
 .text.isButton1Pressed
                0x0000000008000c50       0x24 ./Core/Src/button.o
                0x0000000008000c50                isButton1Pressed
 .text.isButton2Pressed
                0x0000000008000c74       0x24 ./Core/Src/button.o
                0x0000000008000c74                isButton2Pressed
 .text.isButton3Pressed
                0x0000000008000c98       0x24 ./Core/Src/button.o
                0x0000000008000c98                isButton3Pressed
 .text.isButton4Pressed
                0x0000000008000cbc       0x24 ./Core/Src/button.o
                0x0000000008000cbc                isButton4Pressed
 .text.getButton1
                0x0000000008000ce0      0x10c ./Core/Src/button.o
                0x0000000008000ce0                getButton1
 .text.getButton2
                0x0000000008000dec      0x108 ./Core/Src/button.o
                0x0000000008000dec                getButton2
 .text.getButton3
                0x0000000008000ef4      0x108 ./Core/Src/button.o
                0x0000000008000ef4                getButton3
 .text.getButton4
                0x0000000008000ffc      0x10c ./Core/Src/button.o
                0x0000000008000ffc                getButton4
 .text.fsm_automatic
                0x0000000008001108       0x10 ./Core/Src/fsm_auto.o
                0x0000000008001108                fsm_automatic
 .text.fsm_auto_horizontal
                0x0000000008001118      0x104 ./Core/Src/fsm_auto.o
                0x0000000008001118                fsm_auto_horizontal
 .text.fsm_auto_vertical
                0x000000000800121c      0x114 ./Core/Src/fsm_auto.o
                0x000000000800121c                fsm_auto_vertical
 .text.fsm_manual
                0x0000000008001330      0x840 ./Core/Src/fsm_manual.o
                0x0000000008001330                fsm_manual
 .text.main     0x0000000008001b70       0xa0 ./Core/Src/main.o
                0x0000000008001b70                main
 .text.SystemClock_Config
                0x0000000008001c10       0x76 ./Core/Src/main.o
                0x0000000008001c10                SystemClock_Config
 *fill*         0x0000000008001c86        0x2 
 .text.MX_TIM2_Init
                0x0000000008001c88       0x98 ./Core/Src/main.o
 .text.MX_GPIO_Init
                0x0000000008001d20       0xe0 ./Core/Src/main.o
 .text.HAL_TIM_PeriodElapsedCallback
                0x0000000008001e00       0x14 ./Core/Src/main.o
                0x0000000008001e00                HAL_TIM_PeriodElapsedCallback
 .text.testLED  0x0000000008001e14       0x14 ./Core/Src/main.o
                0x0000000008001e14                testLED
 .text.Error_Handler
                0x0000000008001e28        0xa ./Core/Src/main.o
                0x0000000008001e28                Error_Handler
 *fill*         0x0000000008001e32        0x2 
 .text.SCH_Init
                0x0000000008001e34       0x34 ./Core/Src/scheduler.o
                0x0000000008001e34                SCH_Init
 .text.SCH_Update
                0x0000000008001e68       0xe0 ./Core/Src/scheduler.o
                0x0000000008001e68                SCH_Update
 .text.SCH_Dispatch_Tasks
                0x0000000008001f48       0x98 ./Core/Src/scheduler.o
                0x0000000008001f48                SCH_Dispatch_Tasks
 .text.SCH_Add_Task
                0x0000000008001fe0       0xa4 ./Core/Src/scheduler.o
                0x0000000008001fe0                SCH_Add_Task
 .text.SCH_Delete_Task
                0x0000000008002084       0x90 ./Core/Src/scheduler.o
                0x0000000008002084                SCH_Delete_Task
 .text.HAL_MspInit
                0x0000000008002114       0x64 ./Core/Src/stm32f1xx_hal_msp.o
                0x0000000008002114                HAL_MspInit
 .text.HAL_TIM_Base_MspInit
                0x0000000008002178       0x48 ./Core/Src/stm32f1xx_hal_msp.o
                0x0000000008002178                HAL_TIM_Base_MspInit
 .text.NMI_Handler
                0x00000000080021c0        0x6 ./Core/Src/stm32f1xx_it.o
                0x00000000080021c0                NMI_Handler
 .text.HardFault_Handler
                0x00000000080021c6        0x6 ./Core/Src/stm32f1xx_it.o
                0x00000000080021c6                HardFault_Handler
 .text.MemManage_Handler
                0x00000000080021cc        0x6 ./Core/Src/stm32f1xx_it.o
                0x00000000080021cc                MemManage_Handler
 .text.BusFault_Handler
                0x00000000080021d2        0x6 ./Core/Src/stm32f1xx_it.o
                0x00000000080021d2                BusFault_Handler
 .text.UsageFault_Handler
                0x00000000080021d8        0x6 ./Core/Src/stm32f1xx_it.o
                0x00000000080021d8                UsageFault_Handler
 .text.SVC_Handler
                0x00000000080021de        0xc ./Core/Src/stm32f1xx_it.o
                0x00000000080021de                SVC_Handler
 .text.DebugMon_Handler
                0x00000000080021ea        0xc ./Core/Src/stm32f1xx_it.o
                0x00000000080021ea                DebugMon_Handler
 .text.PendSV_Handler
                0x00000000080021f6        0xc ./Core/Src/stm32f1xx_it.o
                0x00000000080021f6                PendSV_Handler
 .text.SysTick_Handler
                0x0000000008002202        0xc ./Core/Src/stm32f1xx_it.o
                0x0000000008002202                SysTick_Handler
 *fill*         0x000000000800220e        0x2 
 .text.TIM2_IRQHandler
                0x0000000008002210       0x14 ./Core/Src/stm32f1xx_it.o
                0x0000000008002210                TIM2_IRQHandler
 .text.SystemInit
                0x0000000008002224        0xc ./Core/Src/system_stm32f1xx.o
                0x0000000008002224                SystemInit
 .text.Reset_Handler
                0x0000000008002230       0x48 ./Core/Startup/startup_stm32f103c6ux.o
                0x0000000008002230                Reset_Handler
 .text.Default_Handler
                0x0000000008002278        0x2 ./Core/Startup/startup_stm32f103c6ux.o
                0x0000000008002278                RTC_Alarm_IRQHandler
                0x0000000008002278                EXTI2_IRQHandler
                0x0000000008002278                TIM1_CC_IRQHandler
                0x0000000008002278                PVD_IRQHandler
                0x0000000008002278                EXTI3_IRQHandler
                0x0000000008002278                EXTI0_IRQHandler
                0x0000000008002278                ADC1_2_IRQHandler
                0x0000000008002278                SPI1_IRQHandler
                0x0000000008002278                TAMPER_IRQHandler
                0x0000000008002278                DMA1_Channel4_IRQHandler
                0x0000000008002278                RTC_IRQHandler
                0x0000000008002278                DMA1_Channel7_IRQHandler
                0x0000000008002278                CAN1_RX1_IRQHandler
                0x0000000008002278                I2C1_EV_IRQHandler
                0x0000000008002278                DMA1_Channel6_IRQHandler
                0x0000000008002278                TIM3_IRQHandler
                0x0000000008002278                RCC_IRQHandler
                0x0000000008002278                TIM1_TRG_COM_IRQHandler
                0x0000000008002278                DMA1_Channel1_IRQHandler
                0x0000000008002278                Default_Handler
                0x0000000008002278                EXTI15_10_IRQHandler
                0x0000000008002278                EXTI9_5_IRQHandler
                0x0000000008002278                DMA1_Channel5_IRQHandler
                0x0000000008002278                EXTI4_IRQHandler
                0x0000000008002278                USB_LP_CAN1_RX0_IRQHandler
                0x0000000008002278                USB_HP_CAN1_TX_IRQHandler
                0x0000000008002278                DMA1_Channel3_IRQHandler
                0x0000000008002278                TIM1_UP_IRQHandler
                0x0000000008002278                WWDG_IRQHandler
                0x0000000008002278                TIM1_BRK_IRQHandler
                0x0000000008002278                EXTI1_IRQHandler
                0x0000000008002278                USART2_IRQHandler
                0x0000000008002278                DMA1_Channel2_IRQHandler
                0x0000000008002278                CAN1_SCE_IRQHandler
                0x0000000008002278                FLASH_IRQHandler
                0x0000000008002278                USART1_IRQHandler
                0x0000000008002278                I2C1_ER_IRQHandler
                0x0000000008002278                USBWakeUp_IRQHandler
 *fill*         0x000000000800227a        0x2 
 .text.HAL_Init
                0x000000000800227c       0x2c ./Drivers/STM32F1xx_HAL_Driver/Src/stm32f1xx_hal.o
                0x000000000800227c                HAL_Init
 .text.HAL_InitTick
                0x00000000080022a8       0x60 ./Drivers/STM32F1xx_HAL_Driver/Src/stm32f1xx_hal.o
                0x00000000080022a8                HAL_InitTick
 .text.HAL_IncTick
                0x0000000008002308       0x24 ./Drivers/STM32F1xx_HAL_Driver/Src/stm32f1xx_hal.o
                0x0000000008002308                HAL_IncTick
 .text.HAL_GetTick
                0x000000000800232c       0x14 ./Drivers/STM32F1xx_HAL_Driver/Src/stm32f1xx_hal.o
                0x000000000800232c                HAL_GetTick
 .text.__NVIC_SetPriorityGrouping
                0x0000000008002340       0x48 ./Drivers/STM32F1xx_HAL_Driver/Src/stm32f1xx_hal_cortex.o
 .text.__NVIC_GetPriorityGrouping
                0x0000000008002388       0x1c ./Drivers/STM32F1xx_HAL_Driver/Src/stm32f1xx_hal_cortex.o
 .text.__NVIC_EnableIRQ
                0x00000000080023a4       0x38 ./Drivers/STM32F1xx_HAL_Driver/Src/stm32f1xx_hal_cortex.o
 .text.__NVIC_SetPriority
                0x00000000080023dc       0x54 ./Drivers/STM32F1xx_HAL_Driver/Src/stm32f1xx_hal_cortex.o
 .text.NVIC_EncodePriority
                0x0000000008002430       0x64 ./Drivers/STM32F1xx_HAL_Driver/Src/stm32f1xx_hal_cortex.o
 .text.SysTick_Config
                0x0000000008002494       0x44 ./Drivers/STM32F1xx_HAL_Driver/Src/stm32f1xx_hal_cortex.o
 .text.HAL_NVIC_SetPriorityGrouping
                0x00000000080024d8       0x16 ./Drivers/STM32F1xx_HAL_Driver/Src/stm32f1xx_hal_cortex.o
                0x00000000080024d8                HAL_NVIC_SetPriorityGrouping
 .text.HAL_NVIC_SetPriority
                0x00000000080024ee       0x38 ./Drivers/STM32F1xx_HAL_Driver/Src/stm32f1xx_hal_cortex.o
                0x00000000080024ee                HAL_NVIC_SetPriority
 .text.HAL_NVIC_EnableIRQ
                0x0000000008002526       0x1c ./Drivers/STM32F1xx_HAL_Driver/Src/stm32f1xx_hal_cortex.o
                0x0000000008002526                HAL_NVIC_EnableIRQ
 .text.HAL_SYSTICK_Config
                0x0000000008002542       0x18 ./Drivers/STM32F1xx_HAL_Driver/Src/stm32f1xx_hal_cortex.o
                0x0000000008002542                HAL_SYSTICK_Config
 *fill*         0x000000000800255a        0x2 
 .text.HAL_GPIO_Init
                0x000000000800255c      0x2f4 ./Drivers/STM32F1xx_HAL_Driver/Src/stm32f1xx_hal_gpio.o
                0x000000000800255c                HAL_GPIO_Init
 .text.HAL_GPIO_ReadPin
                0x0000000008002850       0x2e ./Drivers/STM32F1xx_HAL_Driver/Src/stm32f1xx_hal_gpio.o
                0x0000000008002850                HAL_GPIO_ReadPin
 .text.HAL_GPIO_WritePin
                0x000000000800287e       0x30 ./Drivers/STM32F1xx_HAL_Driver/Src/stm32f1xx_hal_gpio.o
                0x000000000800287e                HAL_GPIO_WritePin
 .text.HAL_GPIO_TogglePin
                0x00000000080028ae       0x32 ./Drivers/STM32F1xx_HAL_Driver/Src/stm32f1xx_hal_gpio.o
                0x00000000080028ae                HAL_GPIO_TogglePin
 .text.HAL_RCC_OscConfig
                0x00000000080028e0      0x500 ./Drivers/STM32F1xx_HAL_Driver/Src/stm32f1xx_hal_rcc.o
                0x00000000080028e0                HAL_RCC_OscConfig
 .text.HAL_RCC_ClockConfig
                0x0000000008002de0      0x1d4 ./Drivers/STM32F1xx_HAL_Driver/Src/stm32f1xx_hal_rcc.o
                0x0000000008002de0                HAL_RCC_ClockConfig
 .text.HAL_RCC_GetSysClockFreq
                0x0000000008002fb4       0xa8 ./Drivers/STM32F1xx_HAL_Driver/Src/stm32f1xx_hal_rcc.o
                0x0000000008002fb4                HAL_RCC_GetSysClockFreq
 .text.RCC_Delay
                0x000000000800305c       0x3c ./Drivers/STM32F1xx_HAL_Driver/Src/stm32f1xx_hal_rcc.o
 .text.HAL_TIM_Base_Init
                0x0000000008003098       0x9e ./Drivers/STM32F1xx_HAL_Driver/Src/stm32f1xx_hal_tim.o
                0x0000000008003098                HAL_TIM_Base_Init
 *fill*         0x0000000008003136        0x2 
 .text.HAL_TIM_Base_Start_IT
                0x0000000008003138       0x98 ./Drivers/STM32F1xx_HAL_Driver/Src/stm32f1xx_hal_tim.o
                0x0000000008003138                HAL_TIM_Base_Start_IT
 .text.HAL_TIM_IRQHandler
                0x00000000080031d0      0x1e0 ./Drivers/STM32F1xx_HAL_Driver/Src/stm32f1xx_hal_tim.o
                0x00000000080031d0                HAL_TIM_IRQHandler
 .text.HAL_TIM_ConfigClockSource
                0x00000000080033b0      0x18e ./Drivers/STM32F1xx_HAL_Driver/Src/stm32f1xx_hal_tim.o
                0x00000000080033b0                HAL_TIM_ConfigClockSource
 .text.HAL_TIM_OC_DelayElapsedCallback
                0x000000000800353e       0x12 ./Drivers/STM32F1xx_HAL_Driver/Src/stm32f1xx_hal_tim.o
                0x000000000800353e                HAL_TIM_OC_DelayElapsedCallback
 .text.HAL_TIM_IC_CaptureCallback
                0x0000000008003550       0x12 ./Drivers/STM32F1xx_HAL_Driver/Src/stm32f1xx_hal_tim.o
                0x0000000008003550                HAL_TIM_IC_CaptureCallback
 .text.HAL_TIM_PWM_PulseFinishedCallback
                0x0000000008003562       0x12 ./Drivers/STM32F1xx_HAL_Driver/Src/stm32f1xx_hal_tim.o
                0x0000000008003562                HAL_TIM_PWM_PulseFinishedCallback
 .text.HAL_TIM_TriggerCallback
                0x0000000008003574       0x12 ./Drivers/STM32F1xx_HAL_Driver/Src/stm32f1xx_hal_tim.o
                0x0000000008003574                HAL_TIM_TriggerCallback
 *fill*         0x0000000008003586        0x2 
 .text.TIM_Base_SetConfig
                0x0000000008003588       0xc8 ./Drivers/STM32F1xx_HAL_Driver/Src/stm32f1xx_hal_tim.o
                0x0000000008003588                TIM_Base_SetConfig
 .text.TIM_TI1_ConfigInputStage
                0x0000000008003650       0x5c ./Drivers/STM32F1xx_HAL_Driver/Src/stm32f1xx_hal_tim.o
 .text.TIM_TI2_ConfigInputStage
                0x00000000080036ac       0x5e ./Drivers/STM32F1xx_HAL_Driver/Src/stm32f1xx_hal_tim.o
 .text.TIM_ITRx_SetConfig
                0x000000000800370a       0x34 ./Drivers/STM32F1xx_HAL_Driver/Src/stm32f1xx_hal_tim.o
 .text.TIM_ETR_SetConfig
                0x000000000800373e       0x3e ./Drivers/STM32F1xx_HAL_Driver/Src/stm32f1xx_hal_tim.o
                0x000000000800373e                TIM_ETR_SetConfig
 .text.HAL_TIMEx_MasterConfigSynchronization
                0x000000000800377c       0xb0 ./Drivers/STM32F1xx_HAL_Driver/Src/stm32f1xx_hal_tim_ex.o
                0x000000000800377c                HAL_TIMEx_MasterConfigSynchronization
 .text.HAL_TIMEx_CommutCallback
                0x000000000800382c       0x12 ./Drivers/STM32F1xx_HAL_Driver/Src/stm32f1xx_hal_tim_ex.o
                0x000000000800382c                HAL_TIMEx_CommutCallback
 .text.HAL_TIMEx_BreakCallback
                0x000000000800383e       0x12 ./Drivers/STM32F1xx_HAL_Driver/Src/stm32f1xx_hal_tim_ex.o
                0x000000000800383e                HAL_TIMEx_BreakCallback
 .text.__libc_init_array
                0x0000000008003850       0x48 c:/st/stm32cubeide_1.7.0/stm32cubeide/plugins/com.st.stm32cube.ide.mcu.externaltools.gnu-tools-for-stm32.9-2020-q2-update.win32_2.0.0.202105311346/tools/bin/../lib/gcc/arm-none-eabi/9.3.1/../../../../arm-none-eabi/lib/thumb/v7-m/nofp\libc_nano.a(lib_a-init.o)
                0x0000000008003850                __libc_init_array
 .text.memset   0x0000000008003898       0x10 c:/st/stm32cubeide_1.7.0/stm32cubeide/plugins/com.st.stm32cube.ide.mcu.externaltools.gnu-tools-for-stm32.9-2020-q2-update.win32_2.0.0.202105311346/tools/bin/../lib/gcc/arm-none-eabi/9.3.1/../../../../arm-none-eabi/lib/thumb/v7-m/nofp\libc_nano.a(lib_a-memset.o)
                0x0000000008003898                memset
 *(.glue_7)
 .glue_7        0x00000000080038a8        0x0 linker stubs
 *(.glue_7t)
 .glue_7t       0x00000000080038a8        0x0 linker stubs
 *(.eh_frame)
 .eh_frame      0x00000000080038a8        0x0 c:/st/stm32cubeide_1.7.0/stm32cubeide/plugins/com.st.stm32cube.ide.mcu.externaltools.gnu-tools-for-stm32.9-2020-q2-update.win32_2.0.0.202105311346/tools/bin/../lib/gcc/arm-none-eabi/9.3.1/thumb/v7-m/nofp/crtbegin.o
 *(.init)
 .init          0x00000000080038a8        0x4 c:/st/stm32cubeide_1.7.0/stm32cubeide/plugins/com.st.stm32cube.ide.mcu.externaltools.gnu-tools-for-stm32.9-2020-q2-update.win32_2.0.0.202105311346/tools/bin/../lib/gcc/arm-none-eabi/9.3.1/thumb/v7-m/nofp/crti.o
                0x00000000080038a8                _init
 .init          0x00000000080038ac        0x8 c:/st/stm32cubeide_1.7.0/stm32cubeide/plugins/com.st.stm32cube.ide.mcu.externaltools.gnu-tools-for-stm32.9-2020-q2-update.win32_2.0.0.202105311346/tools/bin/../lib/gcc/arm-none-eabi/9.3.1/thumb/v7-m/nofp/crtn.o
 *(.fini)
 .fini          0x00000000080038b4        0x4 c:/st/stm32cubeide_1.7.0/stm32cubeide/plugins/com.st.stm32cube.ide.mcu.externaltools.gnu-tools-for-stm32.9-2020-q2-update.win32_2.0.0.202105311346/tools/bin/../lib/gcc/arm-none-eabi/9.3.1/thumb/v7-m/nofp/crti.o
                0x00000000080038b4                _fini
 .fini          0x00000000080038b8        0x8 c:/st/stm32cubeide_1.7.0/stm32cubeide/plugins/com.st.stm32cube.ide.mcu.externaltools.gnu-tools-for-stm32.9-2020-q2-update.win32_2.0.0.202105311346/tools/bin/../lib/gcc/arm-none-eabi/9.3.1/thumb/v7-m/nofp/crtn.o
                0x00000000080038c0                . = ALIGN (0x4)
                0x00000000080038c0                _etext = .

.vfp11_veneer   0x00000000080038c0        0x0
 .vfp11_veneer  0x00000000080038c0        0x0 linker stubs

.v4_bx          0x00000000080038c0        0x0
 .v4_bx         0x00000000080038c0        0x0 linker stubs

.iplt           0x00000000080038c0        0x0
 .iplt          0x00000000080038c0        0x0 c:/st/stm32cubeide_1.7.0/stm32cubeide/plugins/com.st.stm32cube.ide.mcu.externaltools.gnu-tools-for-stm32.9-2020-q2-update.win32_2.0.0.202105311346/tools/bin/../lib/gcc/arm-none-eabi/9.3.1/thumb/v7-m/nofp/crtbegin.o

.rodata         0x00000000080038c0       0x24
                0x00000000080038c0                . = ALIGN (0x4)
 *(.rodata)
 *(.rodata*)
 .rodata.AHBPrescTable
                0x00000000080038c0       0x10 ./Core/Src/system_stm32f1xx.o
                0x00000000080038c0                AHBPrescTable
 .rodata.aPLLMULFactorTable.6032
                0x00000000080038d0       0x10 ./Drivers/STM32F1xx_HAL_Driver/Src/stm32f1xx_hal_rcc.o
 .rodata.aPredivFactorTable.6033
                0x00000000080038e0        0x2 ./Drivers/STM32F1xx_HAL_Driver/Src/stm32f1xx_hal_rcc.o
                0x00000000080038e4                . = ALIGN (0x4)
 *fill*         0x00000000080038e2        0x2 

.rel.dyn        0x00000000080038e4        0x0
 .rel.iplt      0x00000000080038e4        0x0 c:/st/stm32cubeide_1.7.0/stm32cubeide/plugins/com.st.stm32cube.ide.mcu.externaltools.gnu-tools-for-stm32.9-2020-q2-update.win32_2.0.0.202105311346/tools/bin/../lib/gcc/arm-none-eabi/9.3.1/thumb/v7-m/nofp/crtbegin.o

.ARM.extab      0x00000000080038e4        0x0
                0x00000000080038e4                . = ALIGN (0x4)
 *(.ARM.extab* .gnu.linkonce.armextab.*)
                0x00000000080038e4                . = ALIGN (0x4)

.ARM            0x00000000080038e4        0x0
                0x00000000080038e4                . = ALIGN (0x4)
                0x00000000080038e4                __exidx_start = .
 *(.ARM.exidx*)
                0x00000000080038e4                __exidx_end = .
                0x00000000080038e4                . = ALIGN (0x4)

.preinit_array  0x00000000080038e4        0x0
                0x00000000080038e4                . = ALIGN (0x4)
                0x00000000080038e4                PROVIDE (__preinit_array_start = .)
 *(.preinit_array*)
                0x00000000080038e4                PROVIDE (__preinit_array_end = .)
                0x00000000080038e4                . = ALIGN (0x4)

.init_array     0x00000000080038e4        0x4
                0x00000000080038e4                . = ALIGN (0x4)
                0x00000000080038e4                PROVIDE (__init_array_start = .)
 *(SORT_BY_NAME(.init_array.*))
 *(.init_array*)
 .init_array    0x00000000080038e4        0x4 c:/st/stm32cubeide_1.7.0/stm32cubeide/plugins/com.st.stm32cube.ide.mcu.externaltools.gnu-tools-for-stm32.9-2020-q2-update.win32_2.0.0.202105311346/tools/bin/../lib/gcc/arm-none-eabi/9.3.1/thumb/v7-m/nofp/crtbegin.o
                0x00000000080038e8                PROVIDE (__init_array_end = .)
                0x00000000080038e8                . = ALIGN (0x4)

.fini_array     0x00000000080038e8        0x4
                0x00000000080038e8                . = ALIGN (0x4)
                [!provide]                        PROVIDE (__fini_array_start = .)
 *(SORT_BY_NAME(.fini_array.*))
 *(.fini_array*)
 .fini_array    0x00000000080038e8        0x4 c:/st/stm32cubeide_1.7.0/stm32cubeide/plugins/com.st.stm32cube.ide.mcu.externaltools.gnu-tools-for-stm32.9-2020-q2-update.win32_2.0.0.202105311346/tools/bin/../lib/gcc/arm-none-eabi/9.3.1/thumb/v7-m/nofp/crtbegin.o
                [!provide]                        PROVIDE (__fini_array_end = .)
                0x00000000080038ec                . = ALIGN (0x4)
                0x00000000080038ec                _sidata = LOADADDR (.data)

.data           0x0000000020000000       0x80 load address 0x00000000080038ec
                0x0000000020000000                . = ALIGN (0x4)
                0x0000000020000000                _sdata = .
 *(.data)
 *(.data*)
 .data.keyReg0  0x0000000020000000       0x10 ./Core/Src/button.o
                0x0000000020000000                keyReg0
 .data.keyReg1  0x0000000020000010       0x10 ./Core/Src/button.o
                0x0000000020000010                keyReg1
 .data.keyReg2  0x0000000020000020       0x10 ./Core/Src/button.o
                0x0000000020000020                keyReg2
 .data.keyReg3  0x0000000020000030       0x10 ./Core/Src/button.o
                0x0000000020000030                keyReg3
 .data.TimerForKeyPress
                0x0000000020000040       0x10 ./Core/Src/button.o
                0x0000000020000040                TimerForKeyPress
 .data.red_yellow_green_auto_time_vertical
                0x0000000020000050        0xc ./Core/Src/fsm_auto.o
                0x0000000020000050                red_yellow_green_auto_time_vertical
 .data.red_yellow_green_auto_time_horizontal
                0x000000002000005c        0xc ./Core/Src/fsm_auto.o
                0x000000002000005c                red_yellow_green_auto_time_horizontal
 .data.status_horizontal
                0x0000000020000068        0x4 ./Core/Src/fsm_auto.o
                0x0000000020000068                status_horizontal
 .data.status_vertical
                0x000000002000006c        0x4 ./Core/Src/fsm_auto.o
                0x000000002000006c                status_vertical
 .data.auto_count
                0x0000000020000070        0x4 ./Core/Src/fsm_manual.o
                0x0000000020000070                auto_count
 .data.SystemCoreClock
                0x0000000020000074        0x4 ./Core/Src/system_stm32f1xx.o
                0x0000000020000074                SystemCoreClock
 .data.uwTickPrio
                0x0000000020000078        0x4 ./Drivers/STM32F1xx_HAL_Driver/Src/stm32f1xx_hal.o
                0x0000000020000078                uwTickPrio
 .data.uwTickFreq
                0x000000002000007c        0x1 ./Drivers/STM32F1xx_HAL_Driver/Src/stm32f1xx_hal.o
                0x000000002000007c                uwTickFreq
 *(.RamFunc)
 *(.RamFunc*)
                0x0000000020000080                . = ALIGN (0x4)
 *fill*         0x000000002000007d        0x3 
                0x0000000020000080                _edata = .

.igot.plt       0x0000000020000080        0x0 load address 0x000000000800396c
 .igot.plt      0x0000000020000080        0x0 c:/st/stm32cubeide_1.7.0/stm32cubeide/plugins/com.st.stm32cube.ide.mcu.externaltools.gnu-tools-for-stm32.9-2020-q2-update.win32_2.0.0.202105311346/tools/bin/../lib/gcc/arm-none-eabi/9.3.1/thumb/v7-m/nofp/crtbegin.o
                0x0000000020000080                . = ALIGN (0x4)

.bss            0x0000000020000080      0x3ec load address 0x000000000800396c
                0x0000000020000080                _sbss = .
                0x0000000020000080                __bss_start__ = _sbss
 *(.bss)
 .bss           0x0000000020000080       0x1c c:/st/stm32cubeide_1.7.0/stm32cubeide/plugins/com.st.stm32cube.ide.mcu.externaltools.gnu-tools-for-stm32.9-2020-q2-update.win32_2.0.0.202105311346/tools/bin/../lib/gcc/arm-none-eabi/9.3.1/thumb/v7-m/nofp/crtbegin.o
 *(.bss*)
 .bss.buffer_7SEG_vertical
                0x000000002000009c        0x8 ./Core/Src/7SEG.o
                0x000000002000009c                buffer_7SEG_vertical
 .bss.buffer_7SEG_horizontal
                0x00000000200000a4        0x8 ./Core/Src/7SEG.o
                0x00000000200000a4                buffer_7SEG_horizontal
 .bss.EN_horizontal
                0x00000000200000ac        0x4 ./Core/Src/7SEG.o
                0x00000000200000ac                EN_horizontal
 .bss.EN_vertical
                0x00000000200000b0        0x4 ./Core/Src/7SEG.o
                0x00000000200000b0                EN_vertical
 .bss.button1_flag
                0x00000000200000b4        0x4 ./Core/Src/button.o
                0x00000000200000b4                button1_flag
 .bss.button2_flag
                0x00000000200000b8        0x4 ./Core/Src/button.o
                0x00000000200000b8                button2_flag
 .bss.button3_flag
                0x00000000200000bc        0x4 ./Core/Src/button.o
                0x00000000200000bc                button3_flag
 .bss.button4_flag
                0x00000000200000c0        0x4 ./Core/Src/button.o
                0x00000000200000c0                button4_flag
 .bss.horizontal_counter
                0x00000000200000c4        0x4 ./Core/Src/fsm_auto.o
                0x00000000200000c4                horizontal_counter
 .bss.vertical_counter
                0x00000000200000c8        0x4 ./Core/Src/fsm_auto.o
                0x00000000200000c8                vertical_counter
 .bss.red_yellow_green_manual_time
                0x00000000200000cc        0xc ./Core/Src/fsm_manual.o
                0x00000000200000cc                red_yellow_green_manual_time
 .bss.check_sync_red
                0x00000000200000d8        0x4 ./Core/Src/fsm_manual.o
                0x00000000200000d8                check_sync_red
 .bss.check_sync_yellow
                0x00000000200000dc        0x4 ./Core/Src/fsm_manual.o
                0x00000000200000dc                check_sync_yellow
 .bss.check_sync_green
                0x00000000200000e0        0x4 ./Core/Src/fsm_manual.o
                0x00000000200000e0                check_sync_green
 .bss.check_button2_red
                0x00000000200000e4        0x4 ./Core/Src/fsm_manual.o
                0x00000000200000e4                check_button2_red
 .bss.check_button2_yellow
                0x00000000200000e8        0x4 ./Core/Src/fsm_manual.o
                0x00000000200000e8                check_button2_yellow
 .bss.check_button2_green
                0x00000000200000ec        0x4 ./Core/Src/fsm_manual.o
                0x00000000200000ec                check_button2_green
 .bss.check_button3_red
                0x00000000200000f0        0x4 ./Core/Src/fsm_manual.o
                0x00000000200000f0                check_button3_red
 .bss.check_button3_yellow
                0x00000000200000f4        0x4 ./Core/Src/fsm_manual.o
                0x00000000200000f4                check_button3_yellow
 .bss.check_button3_green
                0x00000000200000f8        0x4 ./Core/Src/fsm_manual.o
                0x00000000200000f8                check_button3_green
 .bss.Error_code_G
                0x00000000200000fc        0x1 ./Core/Src/scheduler.o
                0x00000000200000fc                Error_code_G
 *(COMMON)
 *fill*         0x00000000200000fd        0x3 
 COMMON         0x0000000020000100       0x48 ./Core/Src/main.o
                0x0000000020000100                htim2
 COMMON         0x0000000020000148      0x320 ./Core/Src/scheduler.o
                0x0000000020000148                SCH_tasks_G
 COMMON         0x0000000020000468        0x4 ./Drivers/STM32F1xx_HAL_Driver/Src/stm32f1xx_hal.o
                0x0000000020000468                uwTick
                0x000000002000046c                . = ALIGN (0x4)
                0x000000002000046c                _ebss = .
                0x000000002000046c                __bss_end__ = _ebss

._user_heap_stack
                0x000000002000046c      0x604 load address 0x000000000800396c
                0x0000000020000470                . = ALIGN (0x8)
 *fill*         0x000000002000046c        0x4 
                [!provide]                        PROVIDE (end = .)
                0x0000000020000470                PROVIDE (_end = .)
                0x0000000020000670                . = (. + _Min_Heap_Size)
 *fill*         0x0000000020000470      0x200 
                0x0000000020000a70                . = (. + _Min_Stack_Size)
 *fill*         0x0000000020000670      0x400 
                0x0000000020000a70                . = ALIGN (0x8)

/DISCARD/
 libc.a(*)
 libm.a(*)
 libgcc.a(*)

.ARM.attributes
                0x0000000000000000       0x29
 *(.ARM.attributes)
 .ARM.attributes
                0x0000000000000000       0x1d c:/st/stm32cubeide_1.7.0/stm32cubeide/plugins/com.st.stm32cube.ide.mcu.externaltools.gnu-tools-for-stm32.9-2020-q2-update.win32_2.0.0.202105311346/tools/bin/../lib/gcc/arm-none-eabi/9.3.1/thumb/v7-m/nofp/crti.o
 .ARM.attributes
                0x000000000000001d       0x2d c:/st/stm32cubeide_1.7.0/stm32cubeide/plugins/com.st.stm32cube.ide.mcu.externaltools.gnu-tools-for-stm32.9-2020-q2-update.win32_2.0.0.202105311346/tools/bin/../lib/gcc/arm-none-eabi/9.3.1/thumb/v7-m/nofp/crtbegin.o
 .ARM.attributes
                0x000000000000004a       0x2d ./Core/Src/7SEG.o
 .ARM.attributes
                0x0000000000000077       0x2d ./Core/Src/button.o
 .ARM.attributes
                0x00000000000000a4       0x2d ./Core/Src/fsm_auto.o
 .ARM.attributes
                0x00000000000000d1       0x2d ./Core/Src/fsm_manual.o
 .ARM.attributes
                0x00000000000000fe       0x2d ./Core/Src/main.o
 .ARM.attributes
                0x000000000000012b       0x2d ./Core/Src/scheduler.o
 .ARM.attributes
                0x0000000000000158       0x2d ./Core/Src/stm32f1xx_hal_msp.o
 .ARM.attributes
                0x0000000000000185       0x2d ./Core/Src/stm32f1xx_it.o
 .ARM.attributes
                0x00000000000001b2       0x2d ./Core/Src/system_stm32f1xx.o
 .ARM.attributes
                0x00000000000001df       0x21 ./Core/Startup/startup_stm32f103c6ux.o
 .ARM.attributes
                0x0000000000000200       0x2d ./Drivers/STM32F1xx_HAL_Driver/Src/stm32f1xx_hal.o
 .ARM.attributes
                0x000000000000022d       0x2d ./Drivers/STM32F1xx_HAL_Driver/Src/stm32f1xx_hal_cortex.o
 .ARM.attributes
                0x000000000000025a       0x2d ./Drivers/STM32F1xx_HAL_Driver/Src/stm32f1xx_hal_gpio.o
 .ARM.attributes
                0x0000000000000287       0x2d ./Drivers/STM32F1xx_HAL_Driver/Src/stm32f1xx_hal_rcc.o
 .ARM.attributes
                0x00000000000002b4       0x2d ./Drivers/STM32F1xx_HAL_Driver/Src/stm32f1xx_hal_tim.o
 .ARM.attributes
                0x00000000000002e1       0x2d ./Drivers/STM32F1xx_HAL_Driver/Src/stm32f1xx_hal_tim_ex.o
 .ARM.attributes
                0x000000000000030e       0x2d c:/st/stm32cubeide_1.7.0/stm32cubeide/plugins/com.st.stm32cube.ide.mcu.externaltools.gnu-tools-for-stm32.9-2020-q2-update.win32_2.0.0.202105311346/tools/bin/../lib/gcc/arm-none-eabi/9.3.1/../../../../arm-none-eabi/lib/thumb/v7-m/nofp\libc_nano.a(lib_a-init.o)
 .ARM.attributes
                0x000000000000033b       0x2d c:/st/stm32cubeide_1.7.0/stm32cubeide/plugins/com.st.stm32cube.ide.mcu.externaltools.gnu-tools-for-stm32.9-2020-q2-update.win32_2.0.0.202105311346/tools/bin/../lib/gcc/arm-none-eabi/9.3.1/../../../../arm-none-eabi/lib/thumb/v7-m/nofp\libc_nano.a(lib_a-memset.o)
 .ARM.attributes
                0x0000000000000368       0x1d c:/st/stm32cubeide_1.7.0/stm32cubeide/plugins/com.st.stm32cube.ide.mcu.externaltools.gnu-tools-for-stm32.9-2020-q2-update.win32_2.0.0.202105311346/tools/bin/../lib/gcc/arm-none-eabi/9.3.1/thumb/v7-m/nofp/crtn.o
OUTPUT(LAB4_code.elf elf32-littlearm)
LOAD linker stubs
LOAD c:/st/stm32cubeide_1.7.0/stm32cubeide/plugins/com.st.stm32cube.ide.mcu.externaltools.gnu-tools-for-stm32.9-2020-q2-update.win32_2.0.0.202105311346/tools/bin/../lib/gcc/arm-none-eabi/9.3.1/../../../../arm-none-eabi/lib/thumb/v7-m/nofp\libc.a
LOAD c:/st/stm32cubeide_1.7.0/stm32cubeide/plugins/com.st.stm32cube.ide.mcu.externaltools.gnu-tools-for-stm32.9-2020-q2-update.win32_2.0.0.202105311346/tools/bin/../lib/gcc/arm-none-eabi/9.3.1/../../../../arm-none-eabi/lib/thumb/v7-m/nofp\libm.a
LOAD c:/st/stm32cubeide_1.7.0/stm32cubeide/plugins/com.st.stm32cube.ide.mcu.externaltools.gnu-tools-for-stm32.9-2020-q2-update.win32_2.0.0.202105311346/tools/bin/../lib/gcc/arm-none-eabi/9.3.1/thumb/v7-m/nofp\libgcc.a

.debug_info     0x0000000000000000     0x97f9
 .debug_info    0x0000000000000000      0x43d ./Core/Src/7SEG.o
 .debug_info    0x000000000000043d      0x3c7 ./Core/Src/button.o
 .debug_info    0x0000000000000804      0x3bb ./Core/Src/fsm_auto.o
 .debug_info    0x0000000000000bbf      0x44f ./Core/Src/fsm_manual.o
 .debug_info    0x000000000000100e      0xcad ./Core/Src/main.o
 .debug_info    0x0000000000001cbb      0x24d ./Core/Src/scheduler.o
 .debug_info    0x0000000000001f08      0xa09 ./Core/Src/stm32f1xx_hal_msp.o
 .debug_info    0x0000000000002911      0x7b9 ./Core/Src/stm32f1xx_it.o
 .debug_info    0x00000000000030ca      0x2be ./Core/Src/system_stm32f1xx.o
 .debug_info    0x0000000000003388       0x22 ./Core/Startup/startup_stm32f103c6ux.o
 .debug_info    0x00000000000033aa      0x74c ./Drivers/STM32F1xx_HAL_Driver/Src/stm32f1xx_hal.o
 .debug_info    0x0000000000003af6      0xbbe ./Drivers/STM32F1xx_HAL_Driver/Src/stm32f1xx_hal_cortex.o
 .debug_info    0x00000000000046b4      0x701 ./Drivers/STM32F1xx_HAL_Driver/Src/stm32f1xx_hal_gpio.o
 .debug_info    0x0000000000004db5      0x893 ./Drivers/STM32F1xx_HAL_Driver/Src/stm32f1xx_hal_rcc.o
 .debug_info    0x0000000000005648     0x2c32 ./Drivers/STM32F1xx_HAL_Driver/Src/stm32f1xx_hal_tim.o
 .debug_info    0x000000000000827a     0x157f ./Drivers/STM32F1xx_HAL_Driver/Src/stm32f1xx_hal_tim_ex.o

.debug_abbrev   0x0000000000000000     0x1b57
 .debug_abbrev  0x0000000000000000      0x177 ./Core/Src/7SEG.o
 .debug_abbrev  0x0000000000000177      0x136 ./Core/Src/button.o
 .debug_abbrev  0x00000000000002ad      0x105 ./Core/Src/fsm_auto.o
 .debug_abbrev  0x00000000000003b2      0x13d ./Core/Src/fsm_manual.o
 .debug_abbrev  0x00000000000004ef      0x262 ./Core/Src/main.o
 .debug_abbrev  0x0000000000000751      0x15a ./Core/Src/scheduler.o
 .debug_abbrev  0x00000000000008ab      0x1b7 ./Core/Src/stm32f1xx_hal_msp.o
 .debug_abbrev  0x0000000000000a62      0x176 ./Core/Src/stm32f1xx_it.o
 .debug_abbrev  0x0000000000000bd8      0x14e ./Core/Src/system_stm32f1xx.o
 .debug_abbrev  0x0000000000000d26       0x12 ./Core/Startup/startup_stm32f103c6ux.o
 .debug_abbrev  0x0000000000000d38      0x1ed ./Drivers/STM32F1xx_HAL_Driver/Src/stm32f1xx_hal.o
 .debug_abbrev  0x0000000000000f25      0x313 ./Drivers/STM32F1xx_HAL_Driver/Src/stm32f1xx_hal_cortex.o
 .debug_abbrev  0x0000000000001238      0x1e8 ./Drivers/STM32F1xx_HAL_Driver/Src/stm32f1xx_hal_gpio.o
 .debug_abbrev  0x0000000000001420      0x273 ./Drivers/STM32F1xx_HAL_Driver/Src/stm32f1xx_hal_rcc.o
 .debug_abbrev  0x0000000000001693      0x25e ./Drivers/STM32F1xx_HAL_Driver/Src/stm32f1xx_hal_tim.o
 .debug_abbrev  0x00000000000018f1      0x266 ./Drivers/STM32F1xx_HAL_Driver/Src/stm32f1xx_hal_tim_ex.o

.debug_aranges  0x0000000000000000      0xa78
 .debug_aranges
                0x0000000000000000       0x50 ./Core/Src/7SEG.o
 .debug_aranges
                0x0000000000000050       0x58 ./Core/Src/button.o
 .debug_aranges
                0x00000000000000a8       0x30 ./Core/Src/fsm_auto.o
 .debug_aranges
                0x00000000000000d8       0x20 ./Core/Src/fsm_manual.o
 .debug_aranges
                0x00000000000000f8       0x50 ./Core/Src/main.o
 .debug_aranges
                0x0000000000000148       0x48 ./Core/Src/scheduler.o
 .debug_aranges
                0x0000000000000190       0x30 ./Core/Src/stm32f1xx_hal_msp.o
 .debug_aranges
                0x00000000000001c0       0x68 ./Core/Src/stm32f1xx_it.o
 .debug_aranges
                0x0000000000000228       0x28 ./Core/Src/system_stm32f1xx.o
 .debug_aranges
                0x0000000000000250       0x28 ./Core/Startup/startup_stm32f103c6ux.o
 .debug_aranges
                0x0000000000000278       0xe0 ./Drivers/STM32F1xx_HAL_Driver/Src/stm32f1xx_hal.o
 .debug_aranges
                0x0000000000000358      0x100 ./Drivers/STM32F1xx_HAL_Driver/Src/stm32f1xx_hal_cortex.o
 .debug_aranges
                0x0000000000000458       0x58 ./Drivers/STM32F1xx_HAL_Driver/Src/stm32f1xx_hal_gpio.o
 .debug_aranges
                0x00000000000004b0       0x90 ./Drivers/STM32F1xx_HAL_Driver/Src/stm32f1xx_hal_rcc.o
 .debug_aranges
                0x0000000000000540      0x3d0 ./Drivers/STM32F1xx_HAL_Driver/Src/stm32f1xx_hal_tim.o
 .debug_aranges
                0x0000000000000910      0x168 ./Drivers/STM32F1xx_HAL_Driver/Src/stm32f1xx_hal_tim_ex.o

.debug_ranges   0x0000000000000000      0x980
 .debug_ranges  0x0000000000000000       0x40 ./Core/Src/7SEG.o
 .debug_ranges  0x0000000000000040       0x48 ./Core/Src/button.o
 .debug_ranges  0x0000000000000088       0x20 ./Core/Src/fsm_auto.o
 .debug_ranges  0x00000000000000a8       0x10 ./Core/Src/fsm_manual.o
 .debug_ranges  0x00000000000000b8       0x40 ./Core/Src/main.o
 .debug_ranges  0x00000000000000f8       0x38 ./Core/Src/scheduler.o
 .debug_ranges  0x0000000000000130       0x20 ./Core/Src/stm32f1xx_hal_msp.o
 .debug_ranges  0x0000000000000150       0x58 ./Core/Src/stm32f1xx_it.o
 .debug_ranges  0x00000000000001a8       0x18 ./Core/Src/system_stm32f1xx.o
 .debug_ranges  0x00000000000001c0       0x20 ./Core/Startup/startup_stm32f103c6ux.o
 .debug_ranges  0x00000000000001e0       0xd0 ./Drivers/STM32F1xx_HAL_Driver/Src/stm32f1xx_hal.o
 .debug_ranges  0x00000000000002b0       0xf0 ./Drivers/STM32F1xx_HAL_Driver/Src/stm32f1xx_hal_cortex.o
 .debug_ranges  0x00000000000003a0       0x48 ./Drivers/STM32F1xx_HAL_Driver/Src/stm32f1xx_hal_gpio.o
 .debug_ranges  0x00000000000003e8       0x80 ./Drivers/STM32F1xx_HAL_Driver/Src/stm32f1xx_hal_rcc.o
 .debug_ranges  0x0000000000000468      0x3c0 ./Drivers/STM32F1xx_HAL_Driver/Src/stm32f1xx_hal_tim.o
 .debug_ranges  0x0000000000000828      0x158 ./Drivers/STM32F1xx_HAL_Driver/Src/stm32f1xx_hal_tim_ex.o

.debug_macro    0x0000000000000000    0x16c46
 .debug_macro   0x0000000000000000      0x1e4 ./Core/Src/7SEG.o
 .debug_macro   0x00000000000001e4      0xa9c ./Core/Src/7SEG.o
 .debug_macro   0x0000000000000c80      0x215 ./Core/Src/7SEG.o
 .debug_macro   0x0000000000000e95       0x2e ./Core/Src/7SEG.o
 .debug_macro   0x0000000000000ec3       0x22 ./Core/Src/7SEG.o
 .debug_macro   0x0000000000000ee5       0x22 ./Core/Src/7SEG.o
 .debug_macro   0x0000000000000f07       0x8e ./Core/Src/7SEG.o
 .debug_macro   0x0000000000000f95       0x51 ./Core/Src/7SEG.o
 .debug_macro   0x0000000000000fe6      0x103 ./Core/Src/7SEG.o
 .debug_macro   0x00000000000010e9       0x6a ./Core/Src/7SEG.o
 .debug_macro   0x0000000000001153      0x1df ./Core/Src/7SEG.o
 .debug_macro   0x0000000000001332       0x1c ./Core/Src/7SEG.o
 .debug_macro   0x000000000000134e       0x22 ./Core/Src/7SEG.o
 .debug_macro   0x0000000000001370       0xc3 ./Core/Src/7SEG.o
 .debug_macro   0x0000000000001433      0xd23 ./Core/Src/7SEG.o
 .debug_macro   0x0000000000002156     0xde75 ./Core/Src/7SEG.o
 .debug_macro   0x000000000000ffcb       0x6d ./Core/Src/7SEG.o
 .debug_macro   0x0000000000010038     0x34a2 ./Core/Src/7SEG.o
 .debug_macro   0x00000000000134da      0x174 ./Core/Src/7SEG.o
 .debug_macro   0x000000000001364e       0x5c ./Core/Src/7SEG.o
 .debug_macro   0x00000000000136aa      0x5bc ./Core/Src/7SEG.o
 .debug_macro   0x0000000000013c66      0x1b7 ./Core/Src/7SEG.o
 .debug_macro   0x0000000000013e1d      0x1cb ./Core/Src/7SEG.o
 .debug_macro   0x0000000000013fe8      0x114 ./Core/Src/7SEG.o
 .debug_macro   0x00000000000140fc      0x1b2 ./Core/Src/7SEG.o
 .debug_macro   0x00000000000142ae       0x27 ./Core/Src/7SEG.o
 .debug_macro   0x00000000000142d5      0x12f ./Core/Src/7SEG.o
 .debug_macro   0x0000000000014404      0x1bc ./Core/Src/7SEG.o
 .debug_macro   0x00000000000145c0       0x34 ./Core/Src/7SEG.o
 .debug_macro   0x00000000000145f4       0x3c ./Core/Src/7SEG.o
 .debug_macro   0x0000000000014630       0x57 ./Core/Src/7SEG.o
 .debug_macro   0x0000000000014687       0x87 ./Core/Src/7SEG.o
 .debug_macro   0x000000000001470e      0x183 ./Core/Src/7SEG.o
 .debug_macro   0x0000000000014891      0x140 ./Core/Src/7SEG.o
 .debug_macro   0x00000000000149d1      0x8ed ./Core/Src/7SEG.o
 .debug_macro   0x00000000000152be       0x69 ./Core/Src/7SEG.o
 .debug_macro   0x0000000000015327      0x160 ./Core/Src/7SEG.o
 .debug_macro   0x0000000000015487       0x16 ./Core/Src/7SEG.o
 .debug_macro   0x000000000001549d       0x34 ./Core/Src/7SEG.o
 .debug_macro   0x00000000000154d1      0x1b5 ./Core/Src/button.o
 .debug_macro   0x0000000000015686       0x10 ./Core/Src/button.o
 .debug_macro   0x0000000000015696      0x1e4 ./Core/Src/fsm_auto.o
 .debug_macro   0x000000000001587a      0x1e4 ./Core/Src/fsm_manual.o
 .debug_macro   0x0000000000015a5e      0x207 ./Core/Src/main.o
 .debug_macro   0x0000000000015c65       0x2e ./Core/Src/main.o
 .debug_macro   0x0000000000015c93       0x72 ./Core/Src/scheduler.o
 .debug_macro   0x0000000000015d05       0x28 ./Core/Src/scheduler.o
 .debug_macro   0x0000000000015d2d      0x1a6 ./Core/Src/stm32f1xx_hal_msp.o
 .debug_macro   0x0000000000015ed3      0x1b0 ./Core/Src/stm32f1xx_it.o
 .debug_macro   0x0000000000016083      0x197 ./Core/Src/system_stm32f1xx.o
 .debug_macro   0x000000000001621a      0x1bb ./Drivers/STM32F1xx_HAL_Driver/Src/stm32f1xx_hal.o
 .debug_macro   0x00000000000163d5      0x197 ./Drivers/STM32F1xx_HAL_Driver/Src/stm32f1xx_hal_cortex.o
 .debug_macro   0x000000000001656c      0x202 ./Drivers/STM32F1xx_HAL_Driver/Src/stm32f1xx_hal_gpio.o
 .debug_macro   0x000000000001676e      0x1a9 ./Drivers/STM32F1xx_HAL_Driver/Src/stm32f1xx_hal_rcc.o
 .debug_macro   0x0000000000016917      0x198 ./Drivers/STM32F1xx_HAL_Driver/Src/stm32f1xx_hal_tim.o
 .debug_macro   0x0000000000016aaf      0x197 ./Drivers/STM32F1xx_HAL_Driver/Src/stm32f1xx_hal_tim_ex.o

.debug_line     0x0000000000000000     0xbda6
 .debug_line    0x0000000000000000      0x90c ./Core/Src/7SEG.o
 .debug_line    0x000000000000090c      0x8d1 ./Core/Src/button.o
 .debug_line    0x00000000000011dd      0x784 ./Core/Src/fsm_auto.o
 .debug_line    0x0000000000001961      0xbda ./Core/Src/fsm_manual.o
 .debug_line    0x000000000000253b      0x7f9 ./Core/Src/main.o
 .debug_line    0x0000000000002d34      0x4eb ./Core/Src/scheduler.o
 .debug_line    0x000000000000321f      0x6a1 ./Core/Src/stm32f1xx_hal_msp.o
 .debug_line    0x00000000000038c0      0x73f ./Core/Src/stm32f1xx_it.o
 .debug_line    0x0000000000003fff      0x6e3 ./Core/Src/system_stm32f1xx.o
 .debug_line    0x00000000000046e2       0x86 ./Core/Startup/startup_stm32f103c6ux.o
 .debug_line    0x0000000000004768      0x910 ./Drivers/STM32F1xx_HAL_Driver/Src/stm32f1xx_hal.o
 .debug_line    0x0000000000005078      0xaf8 ./Drivers/STM32F1xx_HAL_Driver/Src/stm32f1xx_hal_cortex.o
 .debug_line    0x0000000000005b70      0x993 ./Drivers/STM32F1xx_HAL_Driver/Src/stm32f1xx_hal_gpio.o
 .debug_line    0x0000000000006503      0xd1c ./Drivers/STM32F1xx_HAL_Driver/Src/stm32f1xx_hal_rcc.o
 .debug_line    0x000000000000721f     0x3361 ./Drivers/STM32F1xx_HAL_Driver/Src/stm32f1xx_hal_tim.o
 .debug_line    0x000000000000a580     0x1826 ./Drivers/STM32F1xx_HAL_Driver/Src/stm32f1xx_hal_tim_ex.o

.debug_str      0x0000000000000000    0x82814
 .debug_str     0x0000000000000000    0x7fb8e ./Core/Src/7SEG.o
                                      0x7ff07 (size before relaxing)
 .debug_str     0x000000000007fb8e       0xea ./Core/Src/button.o
                                      0x7fcf0 (size before relaxing)
 .debug_str     0x000000000007fc78       0x4b ./Core/Src/fsm_auto.o
                                      0x7fe9a (size before relaxing)
 .debug_str     0x000000000007fcc3       0xcc ./Core/Src/fsm_manual.o
                                      0x7ff1b (size before relaxing)
 .debug_str     0x000000000007fd8f      0x770 ./Core/Src/main.o
                                      0x8066f (size before relaxing)
 .debug_str     0x00000000000804ff       0xc3 ./Core/Src/scheduler.o
                                       0x3dee (size before relaxing)
 .debug_str     0x00000000000805c2      0x2ba ./Core/Src/stm32f1xx_hal_msp.o
                                      0x8039e (size before relaxing)
 .debug_str     0x000000000008087c       0xcd ./Core/Src/stm32f1xx_it.o
                                      0x80100 (size before relaxing)
 .debug_str     0x0000000000080949       0x52 ./Core/Src/system_stm32f1xx.o
                                      0x7f769 (size before relaxing)
 .debug_str     0x000000000008099b       0x36 ./Core/Startup/startup_stm32f103c6ux.o
                                         0x5d (size before relaxing)
 .debug_str     0x00000000000809d1      0x304 ./Drivers/STM32F1xx_HAL_Driver/Src/stm32f1xx_hal.o
                                      0x7fdc0 (size before relaxing)
 .debug_str     0x0000000000080cd5      0x300 ./Drivers/STM32F1xx_HAL_Driver/Src/stm32f1xx_hal_cortex.o
                                      0x7fdc8 (size before relaxing)
 .debug_str     0x0000000000080fd5      0x324 ./Drivers/STM32F1xx_HAL_Driver/Src/stm32f1xx_hal_gpio.o
                                      0x7fb2d (size before relaxing)
 .debug_str     0x00000000000812f9      0x24f ./Drivers/STM32F1xx_HAL_Driver/Src/stm32f1xx_hal_rcc.o
                                      0x7fb66 (size before relaxing)
 .debug_str     0x0000000000081548      0xdde ./Drivers/STM32F1xx_HAL_Driver/Src/stm32f1xx_hal_tim.o
                                      0x80b4f (size before relaxing)
 .debug_str     0x0000000000082326      0x4ee ./Drivers/STM32F1xx_HAL_Driver/Src/stm32f1xx_hal_tim_ex.o
                                      0x802f0 (size before relaxing)

.comment        0x0000000000000000       0x53
 .comment       0x0000000000000000       0x53 ./Core/Src/7SEG.o
                                         0x54 (size before relaxing)
 .comment       0x0000000000000053       0x54 ./Core/Src/button.o
 .comment       0x0000000000000053       0x54 ./Core/Src/fsm_auto.o
 .comment       0x0000000000000053       0x54 ./Core/Src/fsm_manual.o
 .comment       0x0000000000000053       0x54 ./Core/Src/main.o
 .comment       0x0000000000000053       0x54 ./Core/Src/scheduler.o
 .comment       0x0000000000000053       0x54 ./Core/Src/stm32f1xx_hal_msp.o
 .comment       0x0000000000000053       0x54 ./Core/Src/stm32f1xx_it.o
 .comment       0x0000000000000053       0x54 ./Core/Src/system_stm32f1xx.o
 .comment       0x0000000000000053       0x54 ./Drivers/STM32F1xx_HAL_Driver/Src/stm32f1xx_hal.o
 .comment       0x0000000000000053       0x54 ./Drivers/STM32F1xx_HAL_Driver/Src/stm32f1xx_hal_cortex.o
 .comment       0x0000000000000053       0x54 ./Drivers/STM32F1xx_HAL_Driver/Src/stm32f1xx_hal_gpio.o
 .comment       0x0000000000000053       0x54 ./Drivers/STM32F1xx_HAL_Driver/Src/stm32f1xx_hal_rcc.o
 .comment       0x0000000000000053       0x54 ./Drivers/STM32F1xx_HAL_Driver/Src/stm32f1xx_hal_tim.o
 .comment       0x0000000000000053       0x54 ./Drivers/STM32F1xx_HAL_Driver/Src/stm32f1xx_hal_tim_ex.o

.debug_frame    0x0000000000000000     0x2988
 .debug_frame   0x0000000000000000       0xfc ./Core/Src/7SEG.o
 .debug_frame   0x00000000000000fc      0x120 ./Core/Src/button.o
 .debug_frame   0x000000000000021c       0x64 ./Core/Src/fsm_auto.o
 .debug_frame   0x0000000000000280       0x38 ./Core/Src/fsm_manual.o
 .debug_frame   0x00000000000002b8       0xf0 ./Core/Src/main.o
 .debug_frame   0x00000000000003a8       0xf0 ./Core/Src/scheduler.o
 .debug_frame   0x0000000000000498       0x80 ./Core/Src/stm32f1xx_hal_msp.o
 .debug_frame   0x0000000000000518      0x120 ./Core/Src/stm32f1xx_it.o
 .debug_frame   0x0000000000000638       0x58 ./Core/Src/system_stm32f1xx.o
 .debug_frame   0x0000000000000690      0x334 ./Drivers/STM32F1xx_HAL_Driver/Src/stm32f1xx_hal.o
 .debug_frame   0x00000000000009c4      0x428 ./Drivers/STM32F1xx_HAL_Driver/Src/stm32f1xx_hal_cortex.o
 .debug_frame   0x0000000000000dec      0x14c ./Drivers/STM32F1xx_HAL_Driver/Src/stm32f1xx_hal_gpio.o
 .debug_frame   0x0000000000000f38      0x218 ./Drivers/STM32F1xx_HAL_Driver/Src/stm32f1xx_hal_rcc.o
 .debug_frame   0x0000000000001150     0x11b4 ./Drivers/STM32F1xx_HAL_Driver/Src/stm32f1xx_hal_tim.o
 .debug_frame   0x0000000000002304      0x638 ./Drivers/STM32F1xx_HAL_Driver/Src/stm32f1xx_hal_tim_ex.o
 .debug_frame   0x000000000000293c       0x2c c:/st/stm32cubeide_1.7.0/stm32cubeide/plugins/com.st.stm32cube.ide.mcu.externaltools.gnu-tools-for-stm32.9-2020-q2-update.win32_2.0.0.202105311346/tools/bin/../lib/gcc/arm-none-eabi/9.3.1/../../../../arm-none-eabi/lib/thumb/v7-m/nofp\libc_nano.a(lib_a-init.o)
 .debug_frame   0x0000000000002968       0x20 c:/st/stm32cubeide_1.7.0/stm32cubeide/plugins/com.st.stm32cube.ide.mcu.externaltools.gnu-tools-for-stm32.9-2020-q2-update.win32_2.0.0.202105311346/tools/bin/../lib/gcc/arm-none-eabi/9.3.1/../../../../arm-none-eabi/lib/thumb/v7-m/nofp\libc_nano.a(lib_a-memset.o)
